2026-07-23 19:02:53,948 - INFO - ------------ Vendor Summary Pipeline Started ------------
2026-07-23 19:02:53,948 - INFO - Creating Vendor Summary Table...
2026-07-23 19:02:53,948 - INFO - Vendor summary created successfully.
2026-07-23 19:03:17,908 - INFO - Cleaning Data...
2026-07-23 19:03:17,908 - INFO - Cleaning vendor summary data...
2026-07-23 19:03:17,927 - INFO - Ingesting Data into Database...
2026-07-23 19:03:18,018 - INFO - vendor_sales_summary table created successfully.
2026-07-23 19:03:18,018 - INFO - Vendor Summary Table Created Successfully.
2026-07-23 19:03:18,019 - INFO - Execution Time: 24.07 seconds
2026-07-23 19:03:18,019 - INFO - ------------ Vendor Summary Pipeline Completed ------------
2026-07-23 22:21:43,367 - INFO - ------------ Vendor Summary Pipeline Started ------------
2026-07-23 22:21:43,384 - INFO - Creating Vendor Summary Table...
2026-07-23 22:21:43,385 - INFO - Vendor summary created successfully.
2026-07-23 22:22:16,365 - INFO - Cleaning Data...
2026-07-23 22:22:16,365 - INFO - Cleaning vendor summary data...
2026-07-23 22:22:16,381 - INFO - Ingesting Data into Database...
2026-07-23 22:22:16,785 - INFO - vendor_sales_summary table created successfully.
2026-07-23 22:22:16,786 - INFO - Vendor Summary Table Created Successfully.
2026-07-23 22:22:16,788 - INFO - Execution Time: 33.42 seconds
2026-07-23 22:22:16,788 - INFO - ------------ Vendor Summary Pipeline Completed ------------
2026-07-23 22:36:00,477 - INFO - ------------ Vendor Summary Pipeline Started ------------
2026-07-23 22:36:00,477 - INFO - Creating Vendor Summary Table...
2026-07-23 22:36:00,477 - INFO - Vendor summary created successfully.
2026-07-23 22:36:29,310 - INFO - Cleaning Data...
2026-07-23 22:36:29,310 - INFO - Cleaning vendor summary data...
2026-07-23 22:36:29,319 - INFO - Ingesting Data into Database...
2026-07-23 22:36:29,400 - INFO - vendor_sales_summary table created successfully.
2026-07-23 22:36:29,400 - INFO - Vendor Summary Table Created Successfully.
2026-07-23 22:36:29,401 - INFO - Execution Time: 28.93 seconds
2026-07-23 22:36:29,401 - INFO - ------------ Vendor Summary Pipeline Completed ------------
2026-07-23 22:42:16,414 - INFO - ------------ Vendor Summary Pipeline Started ------------
2026-07-23 22:42:16,414 - INFO - Creating Vendor Summary Table...
2026-07-23 22:42:16,414 - INFO - Vendor summary created successfully.
2026-07-23 22:42:46,123 - INFO - Cleaning Data...
2026-07-23 22:42:46,123 - INFO - Cleaning vendor summary data...
2026-07-23 22:42:46,140 - INFO - Ingesting Data into Database...
2026-07-23 22:42:46,239 - INFO - vendor_sales_summary table created successfully.
2026-07-23 22:42:46,240 - INFO - Vendor Summary Table Created Successfully.
2026-07-23 22:42:46,240 - INFO - Execution Time: 29.83 seconds
2026-07-23 22:42:46,241 - INFO - ------------ Vendor Summary Pipeline Completed ------------
